{"tool":"phpunit","result":"failed","tests":56,"passed":47,"assertions":114,"duration_ms":11077,"failed":1,"failures":[{"test":"Tests\\Feature\\TeamManagementTest::test_authorized_user_can_access_team_management_page","file":"C:\\laragon\\www\\Rooterin-Invoice\\tests\\Feature\\TeamManagementTest.php","line":30,"message":"Expected response status code [200] but received 500.\nFailed asserting that 500 is identical to 200.\r\n\r\nThe following exception occurred during the last request:\n\nPDOException: SQLSTATE[HY000]: General error: 1 no such column: invoices.created_by in C:\\laragon\\www\\Rooterin-Invoice\\vendor\\laravel\\framework\\src\\Illuminate\\Database\\Connection.php:421\nStack trace:\n#0 C:\\laragon\\www\\Rooterin-Invoice\\vendor\\laravel\\framework\\src\\Illuminate\\Database\\Connection.php(421): PDO->prepare('select \"users\"..')\n#1 C:\\laragon\\www\\Rooterin-Invoice\\vendor\\laravel\\framework\\src\\Illuminate\\Database\\Connection.php(830): Illuminate\\Database\\Connection->Illuminate\\Database\\{closure}('select \"users\"..', Array)\n#2 C:\\laragon\\www\\Rooterin-Invoice\\vendor\\laravel\\framework\\src\\Illuminate\\Database\\Connection.php(797): Illuminate\\Database\\Connection->runQueryCallback('select \"users\"..', Array, Object(Closure))\n#3 C:\\laragon\\www\\Rooterin-Invoice\\vendor\\laravel\\framework\\src\\Illuminate\\Database\\Connection.php(412): Illuminate\\Database\\Connection->run('select \"users\"..', Array, Object(Closure))\n#4 C:\\laragon\\www\\Rooterin-Invoice\\vendor\\laravel\\framework\\src\\Illuminate\\Database\\Query\\Builder.php(3567): Illuminate\\Database\\Connection->select('select \"users\"..', Array, true, Array)\n#5 C:\\laragon\\www\\Rooterin-Invoice\\vendor\\laravel\\framework\\src\\Illuminate\\Database\\Query\\Builder.php(3551): Illuminate\\Database\\Query\\Builder->runSelect()\n#6 C:\\laragon\\www\\Rooterin-Invoice\\vendor\\laravel\\framework\\src\\Illuminate\\Database\\Eloquent\\Builder.php(908): Illuminate\\Database\\Query\\Builder->get(Array)\n#7 C:\\laragon\\www\\Rooterin-Invoice\\vendor\\laravel\\framework\\src\\Illuminate\\Database\\Eloquent\\Builder.php(890): Illuminate\\Database\\Eloquent\\Builder->getModels(Array)\n#8 C:\\laragon\\www\\Rooterin-Invoice\\app\\Http\\Controllers\\UserManagementController.php(17): Illuminate\\Database\\Eloquent\\Builder->get()\n#9 C:\\laragon\\www\\Rooterin-Invoice\\vendor\\laravel\\framework\\src\\Illuminate\\Routing\\ControllerDispatcher.php(46): App\\Http\\Controllers\\UserManagementController->index()\n#10 C:\\laragon\\www\\Rooterin-Invoice\\vendor\\laravel\\framework\\src\\Illuminate\\Routing\\Route.php(269): Illuminate\\Routing\\ControllerDispatcher->dispatch(Object(Illuminate\\Routing\\Route), Object(App\\Http\\Controllers\\UserManagementController), 'index')\n#11 C:\\laragon\\www\\Rooterin-Invoice\\vendor\\laravel\\framework\\src\\Illuminate\\Routing\\Route.php(215): Illuminate\\Routing\\Route->runController()\n#12 C:\\laragon\\www\\Rooterin-Invoice\\vendor\\laravel\\framework\\src\\Illuminate\\Routing\\Router.php(822): Illuminate\\Routing\\Route->run()\n#13 C:\\laragon\\www\\Rooterin-Invoice\\vendor\\laravel\\framework\\src\\Illuminate\\Pipeline\\Pipeline.php(180): Illuminate\\Routing\\Router->Illuminate\\Routing\\{closure}(Object(Illuminate\\Http\\Request))\n#14 C:\\laragon\\www\\Rooterin-Invoice\\app\\Http\\Middleware\\RoleMiddleware.php(24): Illuminate\\Pipeline\\Pipeline->Illuminate\\Pipeline\\{closure}(Object(Illuminate\\Http\\Request))\n#15 C:\\laragon\\www\\Rooterin-Invoice\\vendor\\laravel\\framework\\src\\Illuminate\\Pipeline\\Pipeline.php(219): App\\Http\\Middleware\\RoleMiddleware->handle(Object(Illuminate\\Http\\Request), Object(Closure), 'owner', 'admin')\n#16 C:\\laragon\\www\\Rooterin-Invoice\\vendor\\laravel\\framework\\src\\Illuminate\\Auth\\Middleware\\EnsureEmailIsVerified.php(41): Illuminate\\Pipeline\\Pipeline->Illuminate\\Pipeline\\{closure}(Object(Illuminate\\Http\\Request))\n#17 C:\\laragon\\www\\Rooterin-Invoice\\vendor\\laravel\\framework\\src\\Illuminate\\Pipeline\\Pipeline.php(219): Illuminate\\Auth\\Middleware\\EnsureEmailIsVerified->handle(Object(Illuminate\\Http\\Request), Object(Closure))\n#18 C:\\laragon\\www\\Rooterin-Invoice\\app\\Http\\Middleware\\HandleUserActivity.php(25): Illuminate\\Pipeline\\Pipeline->Illuminate\\Pipeline\\{closure}(Object(Illuminate\\Http\\Request))\n#19 C:\\laragon\\www\\Rooterin-Invoice\\vendor\\laravel\\framework\\src\\Illuminate\\Pipeline\\Pipeline.php(219): App\\Http\\Middleware\\HandleUserActivity->handle(Object(Illuminate\\Http\\Request), Object(Closure))\n#20 C:\\laragon\\www\\Rooterin-Invoice\\app\\Http\\Middleware\\LocaleMiddleware.php(23): Illuminate\\Pipeline\\Pipeline->Illuminate\\Pipeline\\{closure}(Object(Illuminate\\Http\\Request))\n#21 C:\\laragon\\www\\Rooterin-Invoice\\vendor\\laravel\\framework\\src\\Illuminate\\Pipeline\\Pipeline.php(219): App\\Http\\Middleware\\LocaleMiddleware->handle(Object(Illuminate\\Http\\Request), Object(Closure))\n#22 C:\\laragon\\www\\Rooterin-Invoice\\vendor\\laravel\\framework\\src\\Illuminate\\Routing\\Middleware\\SubstituteBindings.php(52): Illuminate\\Pipeline\\Pipeline->Illuminate\\Pipeline\\{closure}(Object(Illuminate\\Http\\Request))\n#23 C:\\laragon\\www\\Rooterin-Invoice\\vendor\\laravel\\framework\\src\\Illuminate\\Pipeline\\Pipeline.php(219): Illuminate\\Routing\\Middleware\\SubstituteBindings->handle(Object(Illuminate\\Http\\Request), Object(Closure))\n#24 C:\\laragon\\www\\Rooterin-Invoice\\vendor\\laravel\\framework\\src\\Illuminate\\Auth\\Middleware\\Authenticate.php(63): Illuminate\\Pipeline\\Pipeline->Illuminate\\Pipeline\\{closure}(Object(Illuminate\\Http\\Request))\n#25 C:\\laragon\\www\\Rooterin-Invoice\\vendor\\laravel\\framework\\src\\Illuminate\\Pipeline\\Pipeline.php(219): Illuminate\\Auth\\Middleware\\Authenticate->handle(Object(Illuminate\\Http\\Request), Object(Closure))\n#26 C:\\laragon\\www\\Rooterin-Invoice\\vendor\\laravel\\framework\\src\\Illuminate\\Foundation\\Http\\Middleware\\PreventRequestForgery.php(104): Illuminate\\Pipeline\\Pipeline->Illuminate\\Pipeline\\{closure}(Object(Illuminate\\Http\\Request))\n#27 C:\\laragon\\www\\Rooterin-Invoice\\vendor\\laravel\\framework\\src\\Illuminate\\Pipeline\\Pipeline.php(219): Illuminate\\Foundation\\Http\\Middleware\\PreventRequestForgery->handle(Object(Illuminate\\Http\\Request), Object(Closure))\n#28 C:\\laragon\\www\\Rooterin-Invoice\\vendor\\laravel\\framework\\src\\Illuminate\\View\\Middleware\\ShareErrorsFromSession.php(48): Illuminate\\Pipeline\\Pipeline->Illuminate\\Pipeline\\{closure}(Object(Illuminate\\Http\\Request))\n#29 C:\\laragon\\www\\Rooterin-Invoice\\vendor\\laravel\\framework\\src\\Illuminate\\Pipeline\\Pipeline.php(219): Illuminate\\View\\Middleware\\ShareErrorsFromSession->handle(Object(Illuminate\\Http\\Request), Object(Closure))\n#30 C:\\laragon\\www\\Rooterin-Invoice\\vendor\\laravel\\framework\\src\\Illuminate\\Session\\Middleware\\StartSession.php(120): Illuminate\\Pipeline\\Pipeline->Illuminate\\Pipeline\\{closure}(Object(Illuminate\\Http\\Request))\n#31 C:\\laragon\\www\\Rooterin-Invoice\\vendor\\laravel\\framework\\src\\Illuminate\\Session\\Middleware\\StartSession.php(63): Illuminate\\Session\\Middleware\\StartSession->handleStatefulRequest(Object(Illuminate\\Http\\Request), Object(Illuminate\\Session\\Store), Object(Closure))\n#32 C:\\laragon\\www\\Rooterin-Invoice\\vendor\\laravel\\framework\\src\\Illuminate\\Pipeline\\Pipeline.php(219): Illuminate\\Session\\Middleware\\StartSession->handle(Object(Illuminate\\Http\\Request), Object(Closure))\n#33 C:\\laragon\\www\\Rooterin-Invoice\\vendor\\laravel\\framework\\src\\Illuminate\\Cookie\\Middleware\\AddQueuedCookiesToResponse.php(36): Illuminate\\Pipeline\\Pipeline->Illuminate\\Pipeline\\{closure}(Object(Illuminate\\Http\\Request))\n#34 C:\\laragon\\www\\Rooterin-Invoice\\vendor\\laravel\\framework\\src\\Illuminate\\Pipeline\\Pipeline.php(219): Illuminate\\Cookie\\Middleware\\AddQueuedCookiesToResponse->handle(Object(Illuminate\\Http\\Request), Object(Closure))\n#35 C:\\laragon\\www\\Rooterin-Invoice\\vendor\\laravel\\framework\\src\\Illuminate\\Cookie\\Middleware\\EncryptCookies.php(74): Illuminate\\Pipeline\\Pipeline->Illuminate\\Pipeline\\{closure}(Object(Illuminate\\Http\\Request))\n#36 C:\\laragon\\www\\Rooterin-Invoice\\vendor\\laravel\\framework\\src\\Illuminate\\Pipeline\\Pipeline.php(219): Illuminate\\Cookie\\Middleware\\EncryptCookies->handle(Object(Illuminate\\Http\\Request), Object(Closure))\n#37 C:\\laragon\\www\\Rooterin-Invoice\\vendor\\laravel\\framework\\src\\Illuminate\\Pipeline\\Pipeline.php(137): Illuminate\\Pipeline\\Pipeline->Illuminate\\Pipeline\\{closure}(Object(Illuminate\\Http\\Request))\n#38 C:\\laragon\\www\\Rooterin-Invoice\\vendor\\laravel\\framework\\src\\Illuminate\\Routing\\Router.php(821): Illuminate\\Pipeline\\Pipeline->then(Object(Closure))\n#39 C:\\laragon\\www\\Rooterin-Invoice\\vendor\\laravel\\framework\\src\\Illuminate\\Routing\\Router.php(800): Illuminate\\Routing\\Router->runRouteWithinStack(Object(Illuminate\\Routing\\Route), Object(Illuminate\\Http\\Request))\n#40 C:\\laragon\\www\\Rooterin-Invoice\\vendor\\laravel\\framework\\src\\Illuminate\\Routing\\Router.php(764): Illuminate\\Routing\\Router->runRoute(Object(Illuminate\\Http\\Request), Object(Illuminate\\Routing\\Route))\n#41 C:\\laragon\\www\\Rooterin-Invoice\\vendor\\laravel\\framework\\src\\Illuminate\\Routing\\Router.php(753): Illuminate\\Routing\\Router->dispatchToRoute(Object(Illuminate\\Http\\Request))\n#42 C:\\laragon\\www\\Rooterin-Invoice\\vendor\\laravel\\framework\\src\\Illuminate\\Foundation\\Http\\Kernel.php(200): Illuminate\\Routing\\Router->dispatch(Object(Illuminate\\Http\\Request))\n#43 C:\\laragon\\www\\Rooterin-Invoice\\vendor\\laravel\\framework\\src\\Illuminate\\Pipeline\\Pipeline.php(180): Illuminate\\Foundation\\Http\\Kernel->Illuminate\\Foundation\\Http\\{closure}(Object(Illuminate\\Http\\Request))\n#44 C:\\laragon\\www\\Rooterin-Invoice\\vendor\\livewire\\livewire\\src\\Features\\SupportDisablingBackButtonCache\\DisableBackButtonCacheMiddleware.php(19): Illuminate\\Pipeline\\Pipeline->Illuminate\\Pipeline\\{closure}(Object(Illuminate\\Http\\Request))\n#45 C:\\laragon\\www\\Rooterin-Invoice\\vendor\\laravel\\framework\\src\\Illuminate\\Pipeline\\Pipeline.php(219): Livewire\\Features\\SupportDisablingBackButtonCache\\DisableBackButtonCacheMiddleware->handle(Object(Illuminate\\Http\\Request), Object(Closure))\n#46 C:\\laragon\\www\\Rooterin-Invoice\\vendor\\laravel\\framework\\src\\Illuminate\\Foundation\\Http\\Middleware\\TransformsRequest.php(21): Illuminate\\Pipeline\\Pipeline->Illuminate\\Pipeline\\{closure}(Object(Illuminate\\Http\\Request))\n#47 C:\\laragon\\www\\Rooterin-Invoice\\vendor\\laravel\\framework\\src\\Illuminate\\Foundation\\Http\\Middleware\\ConvertEmptyStringsToNull.php(31): Illuminate\\Foundation\\Http\\Middleware\\TransformsRequest->handle(Object(Illuminate\\Http\\Request), Object(Closure))\n#48 C:\\laragon\\www\\Rooterin-Invoice\\vendor\\laravel\\framework\\src\\Illuminate\\Pipeline\\Pipeline.php(219): Illuminate\\Foundation\\Http\\Middleware\\ConvertEmptyStringsToNull->handle(Object(Illuminate\\Http\\Request), Object(Closure))\n#49 C:\\laragon\\www\\Rooterin-Invoice\\vendor\\laravel\\framework\\src\\Illuminate\\Foundation\\Http\\Middleware\\TransformsRequest.php(21): Illuminate\\Pipeline\\Pipeline->Illuminate\\Pipeline\\{closure}(Object(Illuminate\\Http\\Request))\n#50 C:\\laragon\\www\\Rooterin-Invoice\\vendor\\laravel\\framework\\src\\Illuminate\\Foundation\\Http\\Middleware\\TrimStrings.php(51): Illuminate\\Foundation\\Http\\Middleware\\TransformsRequest->handle(Object(Illuminate\\Http\\Request), Object(Closure))\n#51 C:\\laragon\\www\\Rooterin-Invoice\\vendor\\laravel\\framework\\src\\Illuminate\\Pipeline\\Pipeline.php(219): Illuminate\\Foundation\\Http\\Middleware\\TrimStrings->handle(Object(Illuminate\\Http\\Request), Object(Closure))\n#52 C:\\laragon\\www\\Rooterin-Invoice\\vendor\\laravel\\framework\\src\\Illuminate\\Http\\Middleware\\ValidatePostSize.php(27): Illuminate\\Pipeline\\Pipeline->Illuminate\\Pipeline\\{closure}(Object(Illuminate\\Http\\Request))\n#53 C:\\laragon\\www\\Rooterin-Invoice\\vendor\\laravel\\framework\\src\\Illuminate\\Pipeline\\Pipeline.php(219): Illuminate\\Http\\Middleware\\ValidatePostSize->handle(Object(Illuminate\\Http\\Request), Object(Closure))\n#54 C:\\laragon\\www\\Rooterin-Invoice\\vendor\\laravel\\framework\\src\\Illuminate\\Foundation\\Http\\Middleware\\PreventRequestsDuringMaintenance.php(109): Illuminate\\Pipeline\\Pipeline->Illuminate\\Pipeline\\{closure}(Object(Illuminate\\Http\\Request))\n#55 C:\\laragon\\www\\Rooterin-Invoice\\vendor\\laravel\\framework\\src\\Illuminate\\Pipeline\\Pipeline.php(219): Illuminate\\Foundation\\Http\\Middleware\\PreventRequestsDuringMaintenance->handle(Object(Illuminate\\Http\\Request), Object(Closure))\n#56 C:\\laragon\\www\\Rooterin-Invoice\\vendor\\laravel\\framework\\src\\Illuminate\\Http\\Middleware\\HandleCors.php(61): Illuminate\\Pipeline\\Pipeline->Illuminate\\Pipeline\\{closure}(Object(Illuminate\\Http\\Request))\n#57 C:\\laragon\\www\\Rooterin-Invoice\\vendor\\laravel\\framework\\src\\Illuminate\\Pipeline\\Pipeline.php(219): Illuminate\\Http\\Middleware\\HandleCors->handle(Object(Illuminate\\Http\\Request), Object(Closure))\n#58 C:\\laragon\\www\\Rooterin-Invoice\\vendor\\laravel\\framework\\src\\Illuminate\\Http\\Middleware\\TrustProxies.php(58): Illuminate\\Pipeline\\Pipeline->Illuminate\\Pipeline\\{closure}(Object(Illuminate\\Http\\Request))\n#59 C:\\laragon\\www\\Rooterin-Invoice\\vendor\\laravel\\framework\\src\\Illuminate\\Pipeline\\Pipeline.php(219): Illuminate\\Http\\Middleware\\TrustProxies->handle(Object(Illuminate\\Http\\Request), Object(Closure))\n#60 C:\\laragon\\www\\Rooterin-Invoice\\vendor\\laravel\\framework\\src\\Illuminate\\Foundation\\Http\\Middleware\\InvokeDeferredCallbacks.php(22): Illuminate\\Pipeline\\Pipeline->Illuminate\\Pipeline\\{closure}(Object(Illuminate\\Http\\Request))\n#61 C:\\laragon\\www\\Rooterin-Invoice\\vendor\\laravel\\framework\\src\\Illuminate\\Pipeline\\Pipeline.php(219): Illuminate\\Foundation\\Http\\Middleware\\InvokeDeferredCallbacks->handle(Object(Illuminate\\Http\\Request), Object(Closure))\n#62 C:\\laragon\\www\\Rooterin-Invoice\\vendor\\laravel\\framework\\src\\Illuminate\\Http\\Middleware\\ValidatePathEncoding.php(28): Illuminate\\Pipeline\\Pipeline->Illuminate\\Pipeline\\{closure}(Object(Illuminate\\Http\\Request))\n#63 C:\\laragon\\www\\Rooterin-Invoice\\vendor\\laravel\\framework\\src\\Illuminate\\Pipeline\\Pipeline.php(219): Illuminate\\Http\\Middleware\\ValidatePathEncoding->handle(Object(Illuminate\\Http\\Request), Object(Closure))\n#64 C:\\laragon\\www\\Rooterin-Invoice\\vendor\\laravel\\framework\\src\\Illuminate\\Pipeline\\Pipeline.php(137): Illuminate\\Pipeline\\Pipeline->Illuminate\\Pipeline\\{closure}(Object(Illuminate\\Http\\Request))\n#65 C:\\laragon\\www\\Rooterin-Invoice\\vendor\\laravel\\framework\\src\\Illuminate\\Foundation\\Http\\Kernel.php(175): Illuminate\\Pipeline\\Pipeline->then(Object(Closure))\n#66 C:\\laragon\\www\\Rooterin-Invoice\\vendor\\laravel\\framework\\src\\Illuminate\\Foundation\\Http\\Kernel.php(144): Illuminate\\Foundation\\Http\\Kernel->sendRequestThroughRouter(Object(Illuminate\\Http\\Request))\n#67 C:\\laragon\\www\\Rooterin-Invoice\\vendor\\laravel\\framework\\src\\Illuminate\\Foundation\\Testing\\Concerns\\MakesHttpRequests.php(607): Illuminate\\Foundation\\Http\\Kernel->handle(Object(Illuminate\\Http\\Request))\n#68 C:\\laragon\\www\\Rooterin-Invoice\\vendor\\laravel\\framework\\src\\Illuminate\\Foundation\\Testing\\Concerns\\MakesHttpRequests.php(368): Illuminate\\Foundation\\Testing\\TestCase->call('GET', 'http://localhos..', Array, Array, Array, Array)\n#69 C:\\laragon\\www\\Rooterin-Invoice\\tests\\Feature\\TeamManagementTest.php(35): Illuminate\\Foundation\\Testing\\TestCase->get('http://localhos..')\n#70 C:\\laragon\\www\\Rooterin-Invoice\\vendor\\phpunit\\phpunit\\src\\Framework\\TestCase.php(1310): Tests\\Feature\\TeamManagementTest->test_authorized_user_can_access_team_management_page()\n#71 C:\\laragon\\www\\Rooterin-Invoice\\vendor\\phpunit\\phpunit\\src\\Framework\\TestCase.php(1344): PHPUnit\\Framework\\TestCase->invokeTestMethod('test_authorized..', Array)\n#72 C:\\laragon\\www\\Rooterin-Invoice\\vendor\\phpunit\\phpunit\\src\\Framework\\TestCase.php(520): PHPUnit\\Framework\\TestCase->runTest()\n#73 C:\\laragon\\www\\Rooterin-Invoice\\vendor\\phpunit\\phpunit\\src\\Framework\\TestRunner\\TestRunner.php(99): PHPUnit\\Framework\\TestCase->runBare()\n#74 C:\\laragon\\www\\Rooterin-Invoice\\vendor\\phpunit\\phpunit\\src\\Framework\\TestCase.php(360): PHPUnit\\Framework\\TestRunner->run(Object(Tests\\Feature\\TeamManagementTest))\n#75 C:\\laragon\\www\\Rooterin-Invoice\\vendor\\phpunit\\phpunit\\src\\Framework\\TestSuite.php(374): PHPUnit\\Framework\\TestCase->run()\n#76 C:\\laragon\\www\\Rooterin-Invoice\\vendor\\phpunit\\phpunit\\src\\Framework\\TestSuite.php(374): PHPUnit\\Framework\\TestSuite->run()\n#77 C:\\laragon\\www\\Rooterin-Invoice\\vendor\\phpunit\\phpunit\\src\\Framework\\TestSuite.php(374): PHPUnit\\Framework\\TestSuite->run()\n#78 C:\\laragon\\www\\Rooterin-Invoice\\vendor\\phpunit\\phpunit\\src\\TextUI\\TestRunner.php(64): PHPUnit\\Framework\\TestSuite->run()\n#79 C:\\laragon\\www\\Rooterin-Invoice\\vendor\\phpunit\\phpunit\\src\\TextUI\\Application.php(229): PHPUnit\\TextUI\\TestRunner->run(Object(PHPUnit\\TextUI\\Configuration\\Configuration), Object(PHPUnit\\Runner\\ResultCache\\DefaultResultCache), Object(PHPUnit\\Framework\\TestSuite))\n#80 C:\\laragon\\www\\Rooterin-Invoice\\vendor\\phpunit\\phpunit\\phpunit(104): PHPUnit\\TextUI\\Application->run(Array)\n#81 {main}\n\nNext Illuminate\\Database\\QueryException: SQLSTATE[HY000]: General error: 1 no such column: invoices.created_by (Connection: sqlite, Database: :memory:, SQL: select \"users\".*, (select count(*) from \"invoices\" where \"users\".\"id\" = \"invoices\".\"created_by\") as \"invoices_count\" from \"users\" order by \"created_at\" desc) in C:\\laragon\\www\\Rooterin-Invoice\\vendor\\laravel\\framework\\src\\Illuminate\\Database\\Connection.php:841\nStack trace:\n#0 C:\\laragon\\www\\Rooterin-Invoice\\vendor\\laravel\\framework\\src\\Illuminate\\Database\\Connection.php(797): Illuminate\\Database\\Connection->runQueryCallback('select \"users\"..', Array, Object(Closure))\n#1 C:\\laragon\\www\\Rooterin-Invoice\\vendor\\laravel\\framework\\src\\Illuminate\\Database\\Connection.php(412): Illuminate\\Database\\Connection->run('select \"users\"..', Array, Object(Closure))\n#2 C:\\laragon\\www\\Rooterin-Invoice\\vendor\\laravel\\framework\\src\\Illuminate\\Database\\Query\\Builder.php(3567): Illuminate\\Database\\Connection->select('select \"users\"..', Array, true, Array)\n#3 C:\\laragon\\www\\Rooterin-Invoice\\vendor\\laravel\\framework\\src\\Illuminate\\Database\\Query\\Builder.php(3551): Illuminate\\Database\\Query\\Builder->runSelect()\n#4 C:\\laragon\\www\\Rooterin-Invoice\\vendor\\laravel\\framework\\src\\Illuminate\\Database\\Eloquent\\Builder.php(908): Illuminate\\Database\\Query\\Builder->get(Array)\n#5 C:\\laragon\\www\\Rooterin-Invoice\\vendor\\laravel\\framework\\src\\Illuminate\\Database\\Eloquent\\Builder.php(890): Illuminate\\Database\\Eloquent\\Builder->getModels(Array)\n#6 C:\\laragon\\www\\Rooterin-Invoice\\app\\Http\\Controllers\\UserManagementController.php(17): Illuminate\\Database\\Eloquent\\Builder->get()\n#7 C:\\laragon\\www\\Rooterin-Invoice\\vendor\\laravel\\framework\\src\\Illuminate\\Routing\\ControllerDispatcher.php(46): App\\Http\\Controllers\\UserManagementController->index()\n#8 C:\\laragon\\www\\Rooterin-Invoice\\vendor\\laravel\\framework\\src\\Illuminate\\Routing\\Route.php(269): Illuminate\\Routing\\ControllerDispatcher->dispatch(Object(Illuminate\\Routing\\Route), Object(App\\Http\\Controllers\\UserManagementController), 'index')\n#9 C:\\laragon\\www\\Rooterin-Invoice\\vendor\\laravel\\framework\\src\\Illuminate\\Routing\\Route.php(215): Illuminate\\Routing\\Route->runController()\n#10 C:\\laragon\\www\\Rooterin-Invoice\\vendor\\laravel\\framework\\src\\Illuminate\\Routing\\Router.php(822): Illuminate\\Routing\\Route->run()\n#11 C:\\laragon\\www\\Rooterin-Invoice\\vendor\\laravel\\framework\\src\\Illuminate\\Pipeline\\Pipeline.php(180): Illuminate\\Routing\\Router->Illuminate\\Routing\\{closure}(Object(Illuminate\\Http\\Request))\n#12 C:\\laragon\\www\\Rooterin-Invoice\\app\\Http\\Middleware\\RoleMiddleware.php(24): Illuminate\\Pipeline\\Pipeline->Illuminate\\Pipeline\\{closure}(Object(Illuminate\\Http\\Request))\n#13 C:\\laragon\\www\\Rooterin-Invoice\\vendor\\laravel\\framework\\src\\Illuminate\\Pipeline\\Pipeline.php(219): App\\Http\\Middleware\\RoleMiddleware->handle(Object(Illuminate\\Http\\Request), Object(Closure), 'owner', 'admin')\n#14 C:\\laragon\\www\\Rooterin-Invoice\\vendor\\laravel\\framework\\src\\Illuminate\\Auth\\Middleware\\EnsureEmailIsVerified.php(41): Illuminate\\Pipeline\\Pipeline->Illuminate\\Pipeline\\{closure}(Object(Illuminate\\Http\\Request))\n#15 C:\\laragon\\www\\Rooterin-Invoice\\vendor\\laravel\\framework\\src\\Illuminate\\Pipeline\\Pipeline.php(219): Illuminate\\Auth\\Middleware\\EnsureEmailIsVerified->handle(Object(Illuminate\\Http\\Request), Object(Closure))\n#16 C:\\laragon\\www\\Rooterin-Invoice\\app\\Http\\Middleware\\HandleUserActivity.php(25): Illuminate\\Pipeline\\Pipeline->Illuminate\\Pipeline\\{closure}(Object(Illuminate\\Http\\Request))\n#17 C:\\laragon\\www\\Rooterin-Invoice\\vendor\\laravel\\framework\\src\\Illuminate\\Pipeline\\Pipeline.php(219): App\\Http\\Middleware\\HandleUserActivity->handle(Object(Illuminate\\Http\\Request), Object(Closure))\n#18 C:\\laragon\\www\\Rooterin-Invoice\\app\\Http\\Middleware\\LocaleMiddleware.php(23): Illuminate\\Pipeline\\Pipeline->Illuminate\\Pipeline\\{closure}(Object(Illuminate\\Http\\Request))\n#19 C:\\laragon\\www\\Rooterin-Invoice\\vendor\\laravel\\framework\\src\\Illuminate\\Pipeline\\Pipeline.php(219): App\\Http\\Middleware\\LocaleMiddleware->handle(Object(Illuminate\\Http\\Request), Object(Closure))\n#20 C:\\laragon\\www\\Rooterin-Invoice\\vendor\\laravel\\framework\\src\\Illuminate\\Routing\\Middleware\\SubstituteBindings.php(52): Illuminate\\Pipeline\\Pipeline->Illuminate\\Pipeline\\{closure}(Object(Illuminate\\Http\\Request))\n#21 C:\\laragon\\www\\Rooterin-Invoice\\vendor\\laravel\\framework\\src\\Illuminate\\Pipeline\\Pipeline.php(219): Illuminate\\Routing\\Middleware\\SubstituteBindings->handle(Object(Illuminate\\Http\\Request), Object(Closure))\n#22 C:\\laragon\\www\\Rooterin-Invoice\\vendor\\laravel\\framework\\src\\Illuminate\\Auth\\Middleware\\Authenticate.php(63): Illuminate\\Pipeline\\Pipeline->Illuminate\\Pipeline\\{closure}(Object(Illuminate\\Http\\Request))\n#23 C:\\laragon\\www\\Rooterin-Invoice\\vendor\\laravel\\framework\\src\\Illuminate\\Pipeline\\Pipeline.php(219): Illuminate\\Auth\\Middleware\\Authenticate->handle(Object(Illuminate\\Http\\Request), Object(Closure))\n#24 C:\\laragon\\www\\Rooterin-Invoice\\vendor\\laravel\\framework\\src\\Illuminate\\Foundation\\Http\\Middleware\\PreventRequestForgery.php(104): Illuminate\\Pipeline\\Pipeline->Illuminate\\Pipeline\\{closure}(Object(Illuminate\\Http\\Request))\n#25 C:\\laragon\\www\\Rooterin-Invoice\\vendor\\laravel\\framework\\src\\Illuminate\\Pipeline\\Pipeline.php(219): Illuminate\\Foundation\\Http\\Middleware\\PreventRequestForgery->handle(Object(Illuminate\\Http\\Request), Object(Closure))\n#26 C:\\laragon\\www\\Rooterin-Invoice\\vendor\\laravel\\framework\\src\\Illuminate\\View\\Middleware\\ShareErrorsFromSession.php(48): Illuminate\\Pipeline\\Pipeline->Illuminate\\Pipeline\\{closure}(Object(Illuminate\\Http\\Request))\n#27 C:\\laragon\\www\\Rooterin-Invoice\\vendor\\laravel\\framework\\src\\Illuminate\\Pipeline\\Pipeline.php(219): Illuminate\\View\\Middleware\\ShareErrorsFromSession->handle(Object(Illuminate\\Http\\Request), Object(Closure))\n#28 C:\\laragon\\www\\Rooterin-Invoice\\vendor\\laravel\\framework\\src\\Illuminate\\Session\\Middleware\\StartSession.php(120): Illuminate\\Pipeline\\Pipeline->Illuminate\\Pipeline\\{closure}(Object(Illuminate\\Http\\Request))\n#29 C:\\laragon\\www\\Rooterin-Invoice\\vendor\\laravel\\framework\\src\\Illuminate\\Session\\Middleware\\StartSession.php(63): Illuminate\\Session\\Middleware\\StartSession->handleStatefulRequest(Object(Illuminate\\Http\\Request), Object(Illuminate\\Session\\Store), Object(Closure))\n#30 C:\\laragon\\www\\Rooterin-Invoice\\vendor\\laravel\\framework\\src\\Illuminate\\Pipeline\\Pipeline.php(219): Illuminate\\Session\\Middleware\\StartSession->handle(Object(Illuminate\\Http\\Request), Object(Closure))\n#31 C:\\laragon\\www\\Rooterin-Invoice\\vendor\\laravel\\framework\\src\\Illuminate\\Cookie\\Middleware\\AddQueuedCookiesToResponse.php(36): Illuminate\\Pipeline\\Pipeline->Illuminate\\Pipeline\\{closure}(Object(Illuminate\\Http\\Request))\n#32 C:\\laragon\\www\\Rooterin-Invoice\\vendor\\laravel\\framework\\src\\Illuminate\\Pipeline\\Pipeline.php(219): Illuminate\\Cookie\\Middleware\\AddQueuedCookiesToResponse->handle(Object(Illuminate\\Http\\Request), Object(Closure))\n#33 C:\\laragon\\www\\Rooterin-Invoice\\vendor\\laravel\\framework\\src\\Illuminate\\Cookie\\Middleware\\EncryptCookies.php(74): Illuminate\\Pipeline\\Pipeline->Illuminate\\Pipeline\\{closure}(Object(Illuminate\\Http\\Request))\n#34 C:\\laragon\\www\\Rooterin-Invoice\\vendor\\laravel\\framework\\src\\Illuminate\\Pipeline\\Pipeline.php(219): Illuminate\\Cookie\\Middleware\\EncryptCookies->handle(Object(Illuminate\\Http\\Request), Object(Closure))\n#35 C:\\laragon\\www\\Rooterin-Invoice\\vendor\\laravel\\framework\\src\\Illuminate\\Pipeline\\Pipeline.php(137): Illuminate\\Pipeline\\Pipeline->Illuminate\\Pipeline\\{closure}(Object(Illuminate\\Http\\Request))\n#36 C:\\laragon\\www\\Rooterin-Invoice\\vendor\\laravel\\framework\\src\\Illuminate\\Routing\\Router.php(821): Illuminate\\Pipeline\\Pipeline->then(Object(Closure))\n#37 C:\\laragon\\www\\Rooterin-Invoice\\vendor\\laravel\\framework\\src\\Illuminate\\Routing\\Router.php(800): Illuminate\\Routing\\Router->runRouteWithinStack(Object(Illuminate\\Routing\\Route), Object(Illuminate\\Http\\Request))\n#38 C:\\laragon\\www\\Rooterin-Invoice\\vendor\\laravel\\framework\\src\\Illuminate\\Routing\\Router.php(764): Illuminate\\Routing\\Router->runRoute(Object(Illuminate\\Http\\Request), Object(Illuminate\\Routing\\Route))\n#39 C:\\laragon\\www\\Rooterin-Invoice\\vendor\\laravel\\framework\\src\\Illuminate\\Routing\\Router.php(753): Illuminate\\Routing\\Router->dispatchToRoute(Object(Illuminate\\Http\\Request))\n#40 C:\\laragon\\www\\Rooterin-Invoice\\vendor\\laravel\\framework\\src\\Illuminate\\Foundation\\Http\\Kernel.php(200): Illuminate\\Routing\\Router->dispatch(Object(Illuminate\\Http\\Request))\n#41 C:\\laragon\\www\\Rooterin-Invoice\\vendor\\laravel\\framework\\src\\Illuminate\\Pipeline\\Pipeline.php(180): Illuminate\\Foundation\\Http\\Kernel->Illuminate\\Foundation\\Http\\{closure}(Object(Illuminate\\Http\\Request))\n#42 C:\\laragon\\www\\Rooterin-Invoice\\vendor\\livewire\\livewire\\src\\Features\\SupportDisablingBackButtonCache\\DisableBackButtonCacheMiddleware.php(19): Illuminate\\Pipeline\\Pipeline->Illuminate\\Pipeline\\{closure}(Object(Illuminate\\Http\\Request))\n#43 C:\\laragon\\www\\Rooterin-Invoice\\vendor\\laravel\\framework\\src\\Illuminate\\Pipeline\\Pipeline.php(219): Livewire\\Features\\SupportDisablingBackButtonCache\\DisableBackButtonCacheMiddleware->handle(Object(Illuminate\\Http\\Request), Object(Closure))\n#44 C:\\laragon\\www\\Rooterin-Invoice\\vendor\\laravel\\framework\\src\\Illuminate\\Foundation\\Http\\Middleware\\TransformsRequest.php(21): Illuminate\\Pipeline\\Pipeline->Illuminate\\Pipeline\\{closure}(Object(Illuminate\\Http\\Request))\n#45 C:\\laragon\\www\\Rooterin-Invoice\\vendor\\laravel\\framework\\src\\Illuminate\\Foundation\\Http\\Middleware\\ConvertEmptyStringsToNull.php(31): Illuminate\\Foundation\\Http\\Middleware\\TransformsRequest->handle(Object(Illuminate\\Http\\Request), Object(Closure))\n#46 C:\\laragon\\www\\Rooterin-Invoice\\vendor\\laravel\\framework\\src\\Illuminate\\Pipeline\\Pipeline.php(219): Illuminate\\Foundation\\Http\\Middleware\\ConvertEmptyStringsToNull->handle(Object(Illuminate\\Http\\Request), Object(Closure))\n#47 C:\\laragon\\www\\Rooterin-Invoice\\vendor\\laravel\\framework\\src\\Illuminate\\Foundation\\Http\\Middleware\\TransformsRequest.php(21): Illuminate\\Pipeline\\Pipeline->Illuminate\\Pipeline\\{closure}(Object(Illuminate\\Http\\Request))\n#48 C:\\laragon\\www\\Rooterin-Invoice\\vendor\\laravel\\framework\\src\\Illuminate\\Foundation\\Http\\Middleware\\TrimStrings.php(51): Illuminate\\Foundation\\Http\\Middleware\\TransformsRequest->handle(Object(Illuminate\\Http\\Request), Object(Closure))\n#49 C:\\laragon\\www\\Rooterin-Invoice\\vendor\\laravel\\framework\\src\\Illuminate\\Pipeline\\Pipeline.php(219): Illuminate\\Foundation\\Http\\Middleware\\TrimStrings->handle(Object(Illuminate\\Http\\Request), Object(Closure))\n#50 C:\\laragon\\www\\Rooterin-Invoice\\vendor\\laravel\\framework\\src\\Illuminate\\Http\\Middleware\\ValidatePostSize.php(27): Illuminate\\Pipeline\\Pipeline->Illuminate\\Pipeline\\{closure}(Object(Illuminate\\Http\\Request))\n#51 C:\\laragon\\www\\Rooterin-Invoice\\vendor\\laravel\\framework\\src\\Illuminate\\Pipeline\\Pipeline.php(219): Illuminate\\Http\\Middleware\\ValidatePostSize->handle(Object(Illuminate\\Http\\Request), Object(Closure))\n#52 C:\\laragon\\www\\Rooterin-Invoice\\vendor\\laravel\\framework\\src\\Illuminate\\Foundation\\Http\\Middleware\\PreventRequestsDuringMaintenance.php(109): Illuminate\\Pipeline\\Pipeline->Illuminate\\Pipeline\\{closure}(Object(Illuminate\\Http\\Request))\n#53 C:\\laragon\\www\\Rooterin-Invoice\\vendor\\laravel\\framework\\src\\Illuminate\\Pipeline\\Pipeline.php(219): Illuminate\\Foundation\\Http\\Middleware\\PreventRequestsDuringMaintenance->handle(Object(Illuminate\\Http\\Request), Object(Closure))\n#54 C:\\laragon\\www\\Rooterin-Invoice\\vendor\\laravel\\framework\\src\\Illuminate\\Http\\Middleware\\HandleCors.php(61): Illuminate\\Pipeline\\Pipeline->Illuminate\\Pipeline\\{closure}(Object(Illuminate\\Http\\Request))\n#55 C:\\laragon\\www\\Rooterin-Invoice\\vendor\\laravel\\framework\\src\\Illuminate\\Pipeline\\Pipeline.php(219): Illuminate\\Http\\Middleware\\HandleCors->handle(Object(Illuminate\\Http\\Request), Object(Closure))\n#56 C:\\laragon\\www\\Rooterin-Invoice\\vendor\\laravel\\framework\\src\\Illuminate\\Http\\Middleware\\TrustProxies.php(58): Illuminate\\Pipeline\\Pipeline->Illuminate\\Pipeline\\{closure}(Object(Illuminate\\Http\\Request))\n#57 C:\\laragon\\www\\Rooterin-Invoice\\vendor\\laravel\\framework\\src\\Illuminate\\Pipeline\\Pipeline.php(219): Illuminate\\Http\\Middleware\\TrustProxies->handle(Object(Illuminate\\Http\\Request), Object(Closure))\n#58 C:\\laragon\\www\\Rooterin-Invoice\\vendor\\laravel\\framework\\src\\Illuminate\\Foundation\\Http\\Middleware\\InvokeDeferredCallbacks.php(22): Illuminate\\Pipeline\\Pipeline->Illuminate\\Pipeline\\{closure}(Object(Illuminate\\Http\\Request))\n#59 C:\\laragon\\www\\Rooterin-Invoice\\vendor\\laravel\\framework\\src\\Illuminate\\Pipeline\\Pipeline.php(219): Illuminate\\Foundation\\Http\\Middleware\\InvokeDeferredCallbacks->handle(Object(Illuminate\\Http\\Request), Object(Closure))\n#60 C:\\laragon\\www\\Rooterin-Invoice\\vendor\\laravel\\framework\\src\\Illuminate\\Http\\Middleware\\ValidatePathEncoding.php(28): Illuminate\\Pipeline\\Pipeline->Illuminate\\Pipeline\\{closure}(Object(Illuminate\\Http\\Request))\n#61 C:\\laragon\\www\\Rooterin-Invoice\\vendor\\laravel\\framework\\src\\Illuminate\\Pipeline\\Pipeline.php(219): Illuminate\\Http\\Middleware\\ValidatePathEncoding->handle(Object(Illuminate\\Http\\Request), Object(Closure))\n#62 C:\\laragon\\www\\Rooterin-Invoice\\vendor\\laravel\\framework\\src\\Illuminate\\Pipeline\\Pipeline.php(137): Illuminate\\Pipeline\\Pipeline->Illuminate\\Pipeline\\{closure}(Object(Illuminate\\Http\\Request))\n#63 C:\\laragon\\www\\Rooterin-Invoice\\vendor\\laravel\\framework\\src\\Illuminate\\Foundation\\Http\\Kernel.php(175): Illuminate\\Pipeline\\Pipeline->then(Object(Closure))\n#64 C:\\laragon\\www\\Rooterin-Invoice\\vendor\\laravel\\framework\\src\\Illuminate\\Foundation\\Http\\Kernel.php(144): Illuminate\\Foundation\\Http\\Kernel->sendRequestThroughRouter(Object(Illuminate\\Http\\Request))\n#65 C:\\laragon\\www\\Rooterin-Invoice\\vendor\\laravel\\framework\\src\\Illuminate\\Foundation\\Testing\\Concerns\\MakesHttpRequests.php(607): Illuminate\\Foundation\\Http\\Kernel->handle(Object(Illuminate\\Http\\Request))\n#66 C:\\laragon\\www\\Rooterin-Invoice\\vendor\\laravel\\framework\\src\\Illuminate\\Foundation\\Testing\\Concerns\\MakesHttpRequests.php(368): Illuminate\\Foundation\\Testing\\TestCase->call('GET', 'http://localhos..', Array, Array, Array, Array)\n#67 C:\\laragon\\www\\Rooterin-Invoice\\tests\\Feature\\TeamManagementTest.php(35): Illuminate\\Foundation\\Testing\\TestCase->get('http://localhos..')\n#68 C:\\laragon\\www\\Rooterin-Invoice\\vendor\\phpunit\\phpunit\\src\\Framework\\TestCase.php(1310): Tests\\Feature\\TeamManagementTest->test_authorized_user_can_access_team_management_page()\n#69 C:\\laragon\\www\\Rooterin-Invoice\\vendor\\phpunit\\phpunit\\src\\Framework\\TestCase.php(1344): PHPUnit\\Framework\\TestCase->invokeTestMethod('test_authorized..', Array)\n#70 C:\\laragon\\www\\Rooterin-Invoice\\vendor\\phpunit\\phpunit\\src\\Framework\\TestCase.php(520): PHPUnit\\Framework\\TestCase->runTest()\n#71 C:\\laragon\\www\\Rooterin-Invoice\\vendor\\phpunit\\phpunit\\src\\Framework\\TestRunner\\TestRunner.php(99): PHPUnit\\Framework\\TestCase->runBare()\n#72 C:\\laragon\\www\\Rooterin-Invoice\\vendor\\phpunit\\phpunit\\src\\Framework\\TestCase.php(360): PHPUnit\\Framework\\TestRunner->run(Object(Tests\\Feature\\TeamManagementTest))\n#73 C:\\laragon\\www\\Rooterin-Invoice\\vendor\\phpunit\\phpunit\\src\\Framework\\TestSuite.php(374): PHPUnit\\Framework\\TestCase->run()\n#74 C:\\laragon\\www\\Rooterin-Invoice\\vendor\\phpunit\\phpunit\\src\\Framework\\TestSuite.php(374): PHPUnit\\Framework\\TestSuite->run()\n#75 C:\\laragon\\www\\Rooterin-Invoice\\vendor\\phpunit\\phpunit\\src\\Framework\\TestSuite.php(374): PHPUnit\\Framework\\TestSuite->run()\n#76 C:\\laragon\\www\\Rooterin-Invoice\\vendor\\phpunit\\phpunit\\src\\TextUI\\TestRunner.php(64): PHPUnit\\Framework\\TestSuite->run()\n#77 C:\\laragon\\www\\Rooterin-Invoice\\vendor\\phpunit\\phpunit\\src\\TextUI\\Application.php(229): PHPUnit\\TextUI\\TestRunner->run(Object(PHPUnit\\TextUI\\Configuration\\Configuration), Object(PHPUnit\\Runner\\ResultCache\\DefaultResultCache), Object(PHPUnit\\Framework\\TestSuite))\n#78 C:\\laragon\\www\\Rooterin-Invoice\\vendor\\phpunit\\phpunit\\phpunit(104): PHPUnit\\TextUI\\Application->run(Array)\n#79 {main}\n\n----------------------------------------------------------------------------------\n\nSQLSTATE[HY000]: General error: 1 no such column: invoices.created_by (Connection: sqlite, Database: :memory:, SQL: select \"users\".*, (select count(*) from \"invoices\" where \"users\".\"id\" = \"invoices\".\"created_by\") as \"invoices_count\" from \"users\" order by \"created_at\" desc)"}],"errors":8,"error_details":[{"test":"Tests\\Feature\\InvoiceManagementTest::test_can_create_invoice_with_optional_financials_static_bank_and_structured_warranty","file":"C:\\laragon\\www\\Rooterin-Invoice\\tests\\Feature\\InvoiceManagementTest.php","line":15,"message":"Call to a member function all() on array"},{"test":"Tests\\Feature\\InvoiceManagementTest::test_can_update_invoice_and_enforce_static_bank_details","file":"C:\\laragon\\www\\Rooterin-Invoice\\tests\\Feature\\InvoiceManagementTest.php","line":61,"message":"SQLSTATE[23000]: Integrity constraint violation: 19 NOT NULL constraint failed: invoices.business_unit_id (Connection: sqlite, Database: :memory:, SQL: insert into \"invoices\" (\"invoice_number\", \"client_id\", \"due_date\", \"status\", \"subtotal\", \"total\", \"updated_at\", \"created_at\") values (JNJ-INV-88888, 1, 2026-07-15 13:52:40, sent, 100000, 111000, 2026-07-08 13:52:40, 2026-07-08 13:52:40))"},{"test":"Tests\\Feature\\OwnerKpiTest::test_owner_kpi_livewire_can_open_payment_modal","file":"C:\\laragon\\www\\Rooterin-Invoice\\tests\\Feature\\OwnerKpiTest.php","line":93,"message":"SQLSTATE[23000]: Integrity constraint violation: 19 NOT NULL constraint failed: invoices.business_unit_id (Connection: sqlite, Database: :memory:, SQL: insert into \"invoices\" (\"invoice_number\", \"client_id\", \"due_date\", \"subtotal\", \"total\", \"status\", \"updated_at\", \"created_at\") values (INV-001, 1, 2026-08-07 13:52:40, 1000000, 1000000, pending, 2026-07-08 13:52:40, 2026-07-08 13:52:40))"},{"test":"Tests\\Feature\\ReportTest::test_reports_page_filters_data_correctly","file":"C:\\laragon\\www\\Rooterin-Invoice\\tests\\Feature\\ReportTest.php","line":47,"message":"SQLSTATE[23000]: Integrity constraint violation: 19 NOT NULL constraint failed: invoices.business_unit_id (Connection: sqlite, Database: :memory:, SQL: insert into \"invoices\" (\"invoice_number\", \"client_id\", \"due_date\", \"subtotal\", \"total\", \"status\", \"updated_at\", \"created_at\") values (INV-C1-01, 1, 2026-06-10 00:00:00, 1000000, 1000000, pending, 2026-07-08 13:52:41, 2026-07-08 13:52:41))"},{"test":"Tests\\Feature\\TeamManagementTest::test_user_can_update_roles_and_permissions_via_livewire","file":"C:\\laragon\\www\\Rooterin-Invoice\\tests\\Feature\\TeamManagementTest.php","line":51,"message":"SQLSTATE[HY000]: General error: 1 no such column: invoices.created_by (Connection: sqlite, Database: :memory:, SQL: select \"users\".*, (select count(*) from \"invoices\" where \"users\".\"id\" = \"invoices\".\"created_by\") as \"invoices_count\" from \"users\" order by \"created_at\" desc) (View: C:\\laragon\\www\\Rooterin-Invoice\\storage\\framework\\views\\a168b0ebcff266df6b662fc4b6d06e88.blade.php)"},{"test":"Tests\\Feature\\TeamManagementTest::test_user_can_suspend_and_restore_operatives_via_livewire","file":"C:\\laragon\\www\\Rooterin-Invoice\\tests\\Feature\\TeamManagementTest.php","line":75,"message":"SQLSTATE[HY000]: General error: 1 no such column: invoices.created_by (Connection: sqlite, Database: :memory:, SQL: select \"users\".*, (select count(*) from \"invoices\" where \"users\".\"id\" = \"invoices\".\"created_by\") as \"invoices_count\" from \"users\" order by \"created_at\" desc) (View: C:\\laragon\\www\\Rooterin-Invoice\\storage\\framework\\views\\a168b0ebcff266df6b662fc4b6d06e88.blade.php)"},{"test":"Tests\\Feature\\VoiceCommandTest::test_voice_command_queries_largest_unpaid_invoice","file":"C:\\laragon\\www\\Rooterin-Invoice\\tests\\Feature\\VoiceCommandTest.php","line":37,"message":"SQLSTATE[23000]: Integrity constraint violation: 19 NOT NULL constraint failed: invoices.business_unit_id (Connection: sqlite, Database: :memory:, SQL: insert into \"invoices\" (\"invoice_number\", \"client_id\", \"due_date\", \"status\", \"subtotal\", \"total\", \"updated_at\", \"created_at\") values (JNJ-INV-9999, 1, 2026-07-15 13:52:47, sent, 50000000, 50000000, 2026-07-08 13:52:47, 2026-07-08 13:52:47))"},{"test":"Tests\\Feature\\VoiceCommandTest::test_voice_command_queries_total_arrears","file":"C:\\laragon\\www\\Rooterin-Invoice\\tests\\Feature\\VoiceCommandTest.php","line":76,"message":"SQLSTATE[23000]: Integrity constraint violation: 19 NOT NULL constraint failed: invoices.business_unit_id (Connection: sqlite, Database: :memory:, SQL: insert into \"invoices\" (\"invoice_number\", \"client_id\", \"due_date\", \"status\", \"subtotal\", \"total\", \"updated_at\", \"created_at\") values (JNJ-INV-1111, 1, 2026-07-15 13:52:47, sent, 83571900, 83571900, 2026-07-08 13:52:47, 2026-07-08 13:52:47))"}]}
